// Jest Snapshot v1, https://goo.gl/fbAQLP

exports[`<MainWorkoutScreen /> renders correctly 1`] = `
<View
  style={
    Object {
      "alignItems": "center",
      "flex": 1,
      "justifyContent": "center",
    }
  }
>
  <Text
    style={
      Object {
        "color": "#1b442b",
      }
    }
  >
    Loading
  </Text>
</View>
`;
